[2026-03-22 11:31:29] [ADMIN] Kemaskini tetapan sistem | {"user_id":1,"keys":["store_name","store_address","store_phone","store_logo","order_auto_confirm","payment_cash_enabled","payment_qr_enabled"]}
[2026-03-22 12:32:24] [ADMIN] Auto-generate senarai belanja | {"list_id":1,"days":7}
[2026-03-22 12:33:16] [ADMIN] Kemaskini status pesanan | {"order_id":2,"status":"ready","user_id":2}
[2026-03-22 12:33:29] [ADMIN] Kemaskini status pesanan | {"order_id":3,"status":"preparing","user_id":2}
[2026-03-22 12:44:21] [ADMIN] Edit menu item | {"id":3,"user_id":2}
[2026-03-22 12:53:34] [ADMIN] Kemaskini status pesanan | {"order_id":2,"status":"completed","user_id":2}
[2026-03-22 12:58:42] [ADMIN] Kemaskini tetapan sistem | {"user_id":1,"keys":["app_name","app_timezone","app_currency","app_tax_rate","order_auto_confirm","payment_cash_enabled","payment_qr_enabled"]}
[2026-03-22 14:26:44] [ADMIN] Edit menu item | {"id":3,"user_id":2}
[2026-03-22 14:27:32] [ADMIN] Edit menu item | {"id":4,"user_id":2}
[2026-03-22 14:28:01] [ADMIN] Edit menu item | {"id":1,"user_id":2}
[2026-03-22 14:28:30] [ADMIN] Edit menu item | {"id":2,"user_id":2}
[2026-03-22 14:29:20] [ADMIN] Edit menu item | {"id":10,"user_id":2}
[2026-03-22 14:29:29] [ADMIN] Edit menu item | {"id":8,"user_id":2}
[2026-03-22 14:29:40] [ADMIN] Edit menu item | {"id":8,"user_id":2}
[2026-03-22 14:30:07] [ADMIN] Edit menu item | {"id":3,"user_id":2}
[2026-03-22 15:38:44] [ADMIN] Kemaskini status pesanan | {"order_id":4,"status":"confirmed","user_id":2}
[2026-03-22 15:39:02] [ADMIN] Kemaskini status pesanan | {"order_id":3,"status":"ready","user_id":2}
[2026-03-22 15:39:05] [ADMIN] Kemaskini status pesanan | {"order_id":4,"status":"preparing","user_id":2}
[2026-03-22 15:39:06] [ADMIN] Kemaskini status pesanan | {"order_id":4,"status":"ready","user_id":2}
[2026-03-22 15:39:22] [ADMIN] Kemaskini status pesanan | {"order_id":8,"status":"preparing","user_id":2}
[2026-03-22 15:41:32] [ADMIN] Kemaskini status pesanan | {"order_id":8,"status":"ready","user_id":2}
[2026-03-22 19:54:24] [ADMIN] Kemaskini status pesanan | {"order_id":8,"status":"completed","user_id":2}
[2026-03-22 19:56:02] [ADMIN] Kemaskini status pesanan | {"order_id":3,"status":"completed","user_id":2}
[2026-03-22 19:56:04] [ADMIN] Kemaskini status pesanan | {"order_id":5,"status":"completed","user_id":2}
[2026-03-22 19:56:08] [ADMIN] Kemaskini status pesanan | {"order_id":4,"status":"completed","user_id":2}
[2026-03-22 19:56:13] [ADMIN] Kemaskini status pesanan | {"order_id":9,"status":"confirmed","user_id":2}
[2026-03-22 19:56:26] [ADMIN] Kemaskini status pesanan | {"order_id":9,"status":"preparing","user_id":2}
[2026-03-22 19:56:35] [ADMIN] Kemaskini status pesanan | {"order_id":9,"status":"ready","user_id":2}
[2026-03-22 19:57:16] [ADMIN] Kemaskini status pesanan | {"order_id":9,"status":"completed","user_id":2}
[2026-03-22 20:00:19] [ADMIN] Buat senarai belanja | {"list_id":2,"user_id":2}
[2026-03-22 20:24:49] [ADMIN] Kemaskini tetapan sistem | {"user_id":1,"keys":["order_auto_confirm","order_prefix","kitchen_auto_refresh","payment_cash_enabled","payment_qr_enabled"]}
[2026-03-22 20:25:21] [ADMIN] Kemaskini tetapan sistem | {"user_id":1,"keys":["payment_cash_enabled","payment_qr_enabled","payment_qr_image","order_auto_confirm"]}
[2026-03-22 20:25:28] [ADMIN] Kemaskini tetapan sistem | {"user_id":1,"keys":["order_auto_confirm","order_prefix","kitchen_auto_refresh","payment_cash_enabled","payment_qr_enabled"]}
[2026-04-19 16:40:39] [ADMIN] Kemaskini status pesanan | {"order_id":10,"status":"confirmed","user_id":2}
[2026-04-19 16:40:45] [ADMIN] Kemaskini status pesanan | {"order_id":10,"status":"preparing","user_id":2}
[2026-04-19 16:40:56] [ADMIN] Kemaskini status pesanan | {"order_id":10,"status":"ready","user_id":2}
[2026-04-19 16:40:58] [ADMIN] Kemaskini status pesanan | {"order_id":10,"status":"completed","user_id":2}
